 [*] Waiting for logs. To exit press CTRL+C
 [x] 'error':'Run for your life!'
